[aquadroom.be/zwembad/index.html]
[backblue.gif]
[fade.gif]
[index.html]
[aquadroom.be/wp-content/cache/wpfc-minified/1rq4pre0/a1hxv.css]
[aquadroom.be/wp-content/cache/wpfc-minified/q9oxdv8n/a1hxv.css]
[aquadroom.be/wp-content/cache/wpfc-minified/4e3ebxl/a1hxv.js]
[aquadroom.be/wp-content/cache/wpfc-minified/3odnykb/a1hxv.js]
[aquadroom.be/wp-content/uploads/2021/02/cropped-Aquadroom-logo-favicon-32x32.png]
[aquadroom.be/wp-content/uploads/2021/02/cropped-Aquadroom-logo-favicon-192x192.png]
[aquadroom.be/wp-content/uploads/2021/02/cropped-Aquadroom-logo-favicon-180x180.png]
[aquadroom.be/wp-content/uploads/2018/03/Logo-Aquadroom.png]
[aquadroom.be/wp-content/uploads/2018/03/aq2.jpg]
[aquadroom.be/wp-content/themes/pro/cornerstone/assets/js/site/cs-classic.7.4.12b351.js]
[aquadroom.be/wp-content/plugins/contact-form-7/includes/swv/js/index7404.js]
[aquadroom.be/wp-content/plugins/contact-form-7/includes/js/index7404.js]
[aquadroom.be/zwembad/buitenbad/index.html]
[aquadroom.be/zwembad/tarieven/index.html]
[aquadroom.be/wp-content/plugins/duracelltomi-google-tag-manager/dist/js/gtm4wp-form-move-tracker5095.js]
[aquadroom.be/wp-content/themes/pro/framework/dist/js/site/x92c6.js]
[aquadroom.be/zwembad/openingsuren/index.html]
[aquadroom.be/zwembad/index.html]
[aquadroom.be/wp-content/cache/wpfc-minified/1rq4pre0/a1hxv.css]
[aquadroom.be/zwembad/contact/index.html]
[aquadroom.be/zwembad/extra-schoolgroepen/index.html]
[aquadroom.be/zwembad/zwembad-de-haeg/index.html]
[aquadroom.be/wp-includes/js/comment-reply.min84fc.js]
[aquadroom.be/wp-content/themes/pro/framework/img/global/btn-circle-top-small.png]
[aquadroom.be/zwembad/poolbar/index.html]
[aquadroom.be/zwembad/faq/index.html]
[aquadroom.be/zwembad/clubs/index.html]
[aquadroom.be/wp-content/cache/wpfc-minified/q9oxdv8n/a1hxv.css]
[www.googletagmanager.com/gtm5445.html]
[aquadroom.be/zwembad/cookie-policy/index.html]
[aquadroom.be/zwembad/bestuursbeslissingen/index.html]
[aquadroom.be/wp-includes/css/dist/block-library/style.min5352.css]
[aquadroom.be/wp-content/plugins/advanced-business-hours/css/abh-style5352.css]
[aquadroom.be/wp-content/plugins/advanced-business-hours/css/abh-custom-style5352.css]
[aquadroom.be/wp-content/themes/pro/framework/dist/css/site/stacks/integrity-light92c6.css]
[aquadroom.be/wp-includes/js/jquery/jquery.minf43b.js]
[aquadroom.be/wp-includes/js/jquery/jquery-migrate.min5589.js]
[aquadroom.be/wp-content/plugins/advanced-business-hours/js/abh-ajax5352.js]
[aquadroom.be/wp-content/uploads/2022/10/Openingsuren-Aquadroom.png]
[aquadroom.be/wp-content/plugins/contact-form-7/includes/swv/js/indexa950.js]
[aquadroom.be/wp-content/plugins/contact-form-7/includes/js/indexa950.js]
[aquadroom.be/wp-content/plugins/duracelltomi-google-tag-manager/dist/js/gtm4wp-form-move-tracker9ac0.js]
[aquadroom.be/wp-includes/js/comment-reply.min5352.js]
[www.google.com/recaptcha/apie512.js]
[aquadroom.be/wp-includes/js/dist/vendor/wp-polyfill-inert.min0226.js]
[aquadroom.be/wp-includes/js/dist/vendor/regenerator-runtime.min6c85.js]
[aquadroom.be/wp-includes/js/dist/vendor/wp-polyfill.min2c7c.js]
[aquadroom.be/zwembad/openingsuren/index.html]
[aquadroom.be/zwembad/tarieven/index.html]
[aquadroom.be/wp-content/plugins/contact-form-7/modules/recaptcha/indexa950.js]
[aquadroom.be/wp-content/uploads/2018/03/Foto_buitenbad-e1522785080598.jpg]
[aquadroom.be/zwembad/buitenbad/index.html]
[weatherwidget.io/js/widget.min.js]
[aquadroom.be/zwembad/contact/index.html]
[aquadroom.be/zwembad/extra-schoolgroepen/index.html]
[aquadroom.be/zwembad/zwembad-de-haeg/index.html]
[aquadroom.be/zwembad/poolbar/index.html]
[aquadroom.be/zwembad/faciliteiten/index.html]
[aquadroom.be/zwembad/faq/index.html]
[aquadroom.be/zwembad/clubs/index.html]
[aquadroom.be/zwembad/bestuursbeslissingen/index.html]
[aquadroom.be/zwembad/cookie-policy/index.html]
[aquadroom.be/wp-includes/css/dist/block-library/style.min5352.css]
[aquadroom.be/wp-content/plugins/advanced-business-hours/css/abh-style5352.css]
[aquadroom.be/wp-content/plugins/advanced-business-hours/css/abh-custom-style5352.html]
[aquadroom.be/wp-content/themes/pro/cornerstone/assets/js/site/cs-accordion.7.4.12b351.js]
[aquadroom.be/wp-content/themes/pro/framework/img/global/btn-circle-bottom-small.png]
[aquadroom.be/wp-content/themes/pro/framework/img/global/ilightbox-preloader-light.gif]
[aquadroom.be/wp-content/themes/pro/framework/img/global/ilightbox-thumb-overlay-play-light.png]
[aquadroom.be/wp-content/themes/pro/framework/dist/css/site/stacks/integrity-light92c6.css]
[aquadroom.be/wp-content/uploads/2018/03/baden.jpg]
[aquadroom.be/zwembad/faciliteiten/index.html]
[aquadroom.be/wp-content/uploads/2018/03/kleedkamers.jpg]
[aquadroom.be/zwembad/zwembad/openingsuren/index.html]
[aquadroom.be/zwembad/zwembad/buitenbad/index.html]
